// Jest Snapshot v1, https://goo.gl/fbAQLP

exports[`TEST Component renders learn react link 1`] = `
<input
  placeholder="input value"
  type="text"
/>
`;

exports[`renders learn react link 1`] = `
<input
  placeholder="input value"
  type="text"
/>
`;
